{
    "istio/mesh/v1alpha1/MeshConfig": [
        {
            "TypeURL": "type.googleapis.com/istio.mesh.v1alpha1.MeshConfig",
            "Metadata": {
                "name": "istio-system/meshconfig"
            },
            "Body": {
                "access_log_file": "/dev/stdout",
                "connect_timeout": {
                    "seconds": 1
                },
                "default_config": {
                  "binary_path": "/usr/local/bin/envoy",
                  "config_path": "/etc/istio/proxy",
                  "connect_timeout": {
                    "seconds": 1
                  },
                  "discovery_address": "istio-pilot:15010",
                  "drain_duration": {
                    "seconds": 45
                  },
                  "envoy_access_log_service": {},
                  "envoy_metrics_service": {},
                  "parent_shutdown_duration": {
                    "seconds": 60
                  },
                  "proxy_admin_port": 15000,
                  "service_cluster": "istio-proxy",
                  "stat_name_length": 189
                },
                "default_destination_rule_export_to": [
                  "*"
                ],
                "default_service_export_to": [
                  "*"
                ],
                "default_virtual_service_export_to": [
                  "*"
                ],
                "disable_policy_checks": true,
                "dns_refresh_rate": {
                  "seconds": 5
                },
                "enable_tracing": true,
                "ingress_class": "istio",
                "ingress_controller_mode": 2,
                "ingress_service": "istio-ingressgateway",
                "outbound_traffic_policy": {
                    "mode": 1
                },
                "protocol_detection_timeout": {
                  "nanos": 100000000
                },
                "proxy_listen_port": 15001,
                "root_namespace": "istio-system"
            }
        }
    ]
}
